e4357@e4357-VirtualBox:~$ cd e4357
e4357@e4357-VirtualBox:~/e4357$ git ls-remote
From https://github.com/Shengliang/e4357.git
88f395c00b475fd97fc605ecbfd8b4178e4b8e36        HEAD
88f395c00b475fd97fc605ecbfd8b4178e4b8e36        refs/heads/master
716cb6c94251349a53396d2ef2f3e8a9db6bfbb1        refs/pull/1/head
fb7e680f2adb4db687050215a5ef4bfa38274e9d        refs/pull/1/merge
910682162a52e8a60e206ce186bd51ef165c6537        refs/pull/2/head
f270f27198c75f752a5ba4b251bdef6c7b02f75e        refs/pull/2/merge
aa6cda2d4cca79b30dd485020e825be100409893        refs/pull/3/head
39914f4b1b6bed7da274597c7ff3d19f3d18e11c        refs/pull/3/merge
c02c816e272d9530acb7c0f21a04a53087366d34        refs/pull/4/head
bce61a6dea910dbf70a97aa126e14677e5fd8304        refs/pull/5/head
a919fb09c8a14106c0b4ea348b72db84932d7a6c        refs/pull/5/merge
bce61a6dea910dbf70a97aa126e14677e5fd8304        refs/pull/6/head
cfe89607885e6a87b7e8178e2a1e03e9091cdb8a        refs/pull/6/merge
e4357@e4357-VirtualBox:~/e4357$ git show [hashID]
fatal: ambiguous argument '[hashID]': unknown revision or path not in
the working tree.
Use '--' to separate paths from revisions, like this:
'git <command> [<revision>...] -- [<file>...]'
e4357@e4357-VirtualBox:~/e4357$ git show
[88f395c00b475fd97fc605ecbfd8b4178e4b8e36]
fatal: ambiguous argument
'[88f395c00b475fd97fc605ecbfd8b4178e4b8e36]': unknown revision or path
not in the working tree.
Use '--' to separate paths from revisions, like this:
'git <command> [<revision>...] -- [<file>...]'
e4357@e4357-VirtualBox:~/e4357$ git show
88f395c00b475fd97fc605ecbfd8b4178e4b8e36
fatal: bad object 88f395c00b475fd97fc605ecbfd8b4178e4b8e36
e4357@e4357-VirtualBox:~/e4357$ git format-patch HEAD~
0001-Added-exported-files-from-mbed.patch
e4357@e4357-VirtualBox:~/e4357$ git format-patch -2
0001-Rename-c-dir-to-quiz.patch
0002-Added-exported-files-from-mbed.patch
e4357@e4357-VirtualBox:~/e4357$ git diff
diff --git a/hw2/gcc/HelloWorld/Makefile b/hw2/gcc/HelloWorld/Makefile
index eb7b641..77a86e0 100644
--- a/hw2/gcc/HelloWorld/Makefile
+++ b/hw2/gcc/HelloWorld/Makefile
@@ -1,9 +1,9 @@
 # This file was automagically generated by mbed.org. For more information,
 # see http://mbed.org/handbook/Exporting-to-GCC-ARM-Embedded

-GCC_BIN =
-PROJECT = HelloWorld
-OBJECTS = ./main.o
+GCC_BIN=
+PROJECT=HelloWorld
+OBJECTS=./main.o
 SYS_OBJECTS = ./mbed/LPC1768/GCC_ARM/system_LPC17xx.o ./mbed/LPC1768/GCC_ARM/cm
 INCLUDE_PATHS = -I. -I./mbed -I./mbed/LPC1768 -I./mbed/LPC1768/GCC_ARM
 LIBRARY_PATHS = -L./mbed/LPC1768/GCC_ARM
...skipping...
diff --git a/hw2/gcc/HelloWorld/Makefile b/hw2/gcc/HelloWorld/Makefile
index eb7b641..77a86e0 100644
--- a/hw2/gcc/HelloWorld/Makefile
+++ b/hw2/gcc/HelloWorld/Makefile
@@ -1,9 +1,9 @@
 # This file was automagically generated by mbed.org. For more information,
 # see http://mbed.org/handbook/Exporting-to-GCC-ARM-Embedded

-GCC_BIN =
-PROJECT = HelloWorld
-OBJECTS = ./main.o
+GCC_BIN=
+PROJECT=HelloWorld
+OBJECTS=./main.o
 SYS_OBJECTS = ./mbed/LPC1768/GCC_ARM/system_LPC17xx.o ./mbed/LPC1768/GCC_ARM/cm
 INCLUDE_PATHS = -I. -I./mbed -I./mbed/LPC1768 -I./mbed/LPC1768/GCC_ARM
 LIBRARY_PATHS = -L./mbed/LPC1768/GCC_ARM
~
~
~
~
~
~
~
~
~
~
~
~
~
~
~
~
~
e4357@e4357-VirtualBox:~/e4357$ git status
On branch master
Your branch is up-to-date with 'origin/master'.

Changes not staged for commit:
  (use "git add <file>..." to update what will be committed)
  (use "git checkout -- <file>..." to discard changes in working directory)

        modified:   hw2/gcc/HelloWorld/Makefile

Untracked files:
  (use "git add <file>..." to include in what will be committed)

        0001-Added-exported-files-from-mbed.patch
        0001-Rename-c-dir-to-quiz.patch
        0002-Added-exported-files-from-mbed.patch
        git status
        hw2/gcc/HelloWorld/HelloWorld.bin
        hw2/gcc/HelloWorld/HelloWorld.elf
        hw2/gcc/HelloWorld/main.d
        hw2/gcc/HelloWorld/main.o

no changes added to commit (use "git add" and/or "git commit -a")
e4357@e4357-VirtualBox:~/e4357$ git add build.sh
fatal: pathspec 'build.sh' did not match any files
e4357@e4357-VirtualBox:~/e4357$ git add src/shell/shell_mem.c
fatal: pathspec 'src/shell/shell_mem.c' did not match any files
e4357@e4357-VirtualBox:~/e4357$ git commit -a -m 'shell: add md'
[master 432e42a] shell: add md
 1 file changed, 3 insertions(+), 3 deletions(-)
e4357@e4357-VirtualBox:~/e4357$ git commit -a -m 'lua: add md'
On branch master
Your branch is ahead of 'origin/master' by 1 commit.
  (use "git push" to publish your local commits)

Untracked files:
        0001-Added-exported-files-from-mbed.patch
        0001-Rename-c-dir-to-quiz.patch
        0002-Added-exported-files-from-mbed.patch
        git status
        hw2/gcc/HelloWorld/HelloWorld.bin
        hw2/gcc/HelloWorld/HelloWorld.elf
        hw2/gcc/HelloWorld/main.d
        hw2/gcc/HelloWorld/main.o

nothing added to commit but untracked files present
e4357@e4357-VirtualBox:~/e4357$ git commit -a --amend
[master b4a70bf] shell: add md
 1 file changed, 3 insertions(+), 3 deletions(-)
e4357@e4357-VirtualBox:~/e4357$